[ethemestudio.com/demo/procv/01_ai_expert/index.html]
[backblue.gif]
[fade.gif]
[index.html]
[ethemestudio.com/demo/procv/01_ai_expert/images/logo/favicon.png]
[ethemestudio.com/demo/procv/01_ai_expert/css/fontawesome-all.min.css]
[ethemestudio.com/demo/procv/01_ai_expert/css/bootstrap.min.css]
[ethemestudio.com/demo/procv/01_ai_expert/css/flaticon.css]
[ethemestudio.com/demo/procv/01_ai_expert/css/all-animations.css]
[ethemestudio.com/demo/procv/01_ai_expert/css/reset.min.css]
[ethemestudio.com/demo/procv/01_ai_expert/css/leaflet.css]
[ethemestudio.com/demo/procv/01_ai_expert/css/default.css]
[ethemestudio.com/demo/procv/01_ai_expert/css/style.css]
[ethemestudio.com/demo/procv/01_ai_expert/css/responsive.css]
[ethemestudio.com/demo/procv/01_ai_expert/images/logo/logo.png]
[ethemestudio.com/demo/procv/01_ai_expert/images/hero/hero-bg.jpg]
[ethemestudio.com/demo/procv/01_ai_expert/images/hero/shape1.png]
[ethemestudio.com/demo/procv/01_ai_expert/images/hero/shape2.png]
[ethemestudio.com/demo/procv/01_ai_expert/images/hero/shape3.png]
[ethemestudio.com/demo/procv/01_ai_expert/images/hero/shape4.png]
[ethemestudio.com/demo/procv/01_ai_expert/images/hero/hero-img.png]
[ethemestudio.com/demo/procv/01_ai_expert/images/hero/chat-gpt.png]
[ethemestudio.com/demo/procv/01_ai_expert/images/hero/midjourney.png]
[ethemestudio.com/demo/procv/01_ai_expert/images/hero/google-gemini.png]
[ethemestudio.com/demo/procv/01_ai_expert/images/hero/jasper.png]
[ethemestudio.com/demo/procv/01_ai_expert/images/hero/hero-effect2.png]
[ethemestudio.com/demo/procv/01_ai_expert/images/hero/hero-effect1.png]
[ethemestudio.com/demo/procv/01_ai_expert/images/about/personal-img.jpg]
[ethemestudio.com/demo/procv/01_ai_expert/images/about/service-icon1.png]
[ethemestudio.com/demo/procv/01_ai_expert/images/about/service-icon2.png]
[ethemestudio.com/demo/procv/01_ai_expert/images/about/service-icon3.png]
[ethemestudio.com/demo/procv/01_ai_expert/images/about/service-icon4.png]
[ethemestudio.com/demo/procv/01_ai_expert/images/about/service-icon5.png]
[ethemestudio.com/demo/procv/01_ai_expert/images/about/service-icon6.png]
[ethemestudio.com/demo/procv/01_ai_expert/images/about/quote-icon-left.png]
[ethemestudio.com/demo/procv/01_ai_expert/images/about/author.jpg]
[ethemestudio.com/demo/procv/01_ai_expert/images/about/testimonial-img.jpg]
[ethemestudio.com/demo/procv/01_ai_expert/images/about/brand-img1.png]
[ethemestudio.com/demo/procv/01_ai_expert/images/about/brand-img2.png]
[ethemestudio.com/demo/procv/01_ai_expert/images/about/brand-img3.png]
[ethemestudio.com/demo/procv/01_ai_expert/images/about/brand-img4.png]
[ethemestudio.com/demo/procv/01_ai_expert/images/about/brand-img5.png]
[ethemestudio.com/demo/procv/01_ai_expert/images/about/brand-img6.png]
[ethemestudio.com/demo/procv/01_ai_expert/images/about/brand-img7.png]
[ethemestudio.com/demo/procv/01_ai_expert/images/about/brand-img8.png]
[ethemestudio.com/demo/procv/01_ai_expert/images/about/brand-img9.png]
[ethemestudio.com/demo/procv/01_ai_expert/images/about/brand-img10.png]
[ethemestudio.com/demo/procv/01_ai_expert/images/resume/google.png]
[ethemestudio.com/demo/procv/01_ai_expert/images/resume/linkedin.png]
[ethemestudio.com/demo/procv/01_ai_expert/images/resume/envato.png]
[ethemestudio.com/demo/procv/01_ai_expert/images/resume/education-logo1.png]
[ethemestudio.com/demo/procv/01_ai_expert/images/resume/education-logo2.png]
[ethemestudio.com/demo/procv/01_ai_expert/images/resume/education-logo3.png]
[ethemestudio.com/demo/procv/01_ai_expert/images/resume/awards-logo1.png]
[ethemestudio.com/demo/procv/01_ai_expert/images/resume/awards-logo2.png]
[ethemestudio.com/demo/procv/01_ai_expert/images/resume/awards-logo3.png]
[ethemestudio.com/demo/procv/01_ai_expert/images/resume/awards-logo4.png]
[ethemestudio.com/demo/procv/01_ai_expert/images/resume/client-img1.jpg]
[ethemestudio.com/demo/procv/01_ai_expert/images/resume/client-img2.jpg]
[ethemestudio.com/demo/procv/01_ai_expert/images/resume/client-img3.jpg]
[ethemestudio.com/demo/procv/01_ai_expert/images/resume/client-img4.jpg]
[ethemestudio.com/demo/procv/01_ai_expert/images/portfolio/portfolio-img1.jpg]
[ethemestudio.com/demo/procv/01_ai_expert/images/portfolio/portfolio-img2.jpg]
[ethemestudio.com/demo/procv/01_ai_expert/images/portfolio/portfolio-img3.jpg]
[ethemestudio.com/demo/procv/01_ai_expert/images/portfolio/portfolio-img4.jpg]
[ethemestudio.com/demo/procv/01_ai_expert/images/portfolio/portfolio-img5.jpg]
[ethemestudio.com/demo/procv/01_ai_expert/images/portfolio/portfolio-img6.jpg]
[ethemestudio.com/demo/procv/01_ai_expert/images/portfolio/portfolio-img7.jpg]
[ethemestudio.com/demo/procv/01_ai_expert/images/portfolio/portfolio-img8.jpg]
[ethemestudio.com/demo/procv/01_ai_expert/images/portfolio/portfolio-img9.jpg]
[ethemestudio.com/demo/procv/01_ai_expert/images/portfolio-details/pportfolio-details-img-1.jpg]
[ethemestudio.com/demo/procv/01_ai_expert/images/portfolio-details/pportfolio-details-img-2.jpg]
[ethemestudio.com/demo/procv/01_ai_expert/images/portfolio-details/pportfolio-details-img-3.jpg]
[ethemestudio.com/demo/procv/01_ai_expert/images/portfolio-details/pportfolio-details-img-4.jpg]
[ethemestudio.com/demo/procv/01_ai_expert/images/portfolio-details/pportfolio-details-img-5.jpg]
[ethemestudio.com/demo/procv/01_ai_expert/images/portfolio-details/pportfolio-details-img-6.jpg]
[ethemestudio.com/demo/procv/01_ai_expert/images/portfolio-details/pportfolio-details-img-7.jpg]
[ethemestudio.com/demo/procv/01_ai_expert/images/portfolio-details/pportfolio-details-img-8.jpg]
[ethemestudio.com/demo/procv/01_ai_expert/images/portfolio-details/pportfolio-details-img-9.jpg]
[ethemestudio.com/demo/procv/01_ai_expert/images/blog/blog-img1.jpg]
[ethemestudio.com/demo/procv/01_ai_expert/images/blog/blog-img2.jpg]
[ethemestudio.com/demo/procv/01_ai_expert/images/blog/blog-img3.jpg]
[ethemestudio.com/demo/procv/01_ai_expert/images/blog/blog-img4.jpg]
[ethemestudio.com/demo/procv/01_ai_expert/images/blog/blog-sidebar-img1.jpg]
[ethemestudio.com/demo/procv/01_ai_expert/images/blog/blog-sidebar-img2.jpg]
[ethemestudio.com/demo/procv/01_ai_expert/images/blog/blog-sidebar-img3.jpg]
[ethemestudio.com/demo/procv/01_ai_expert/images/blog-details/blog-details-img-1.jpg]
[ethemestudio.com/demo/procv/01_ai_expert/images/blog-details/blog-quote.png]
[ethemestudio.com/demo/procv/01_ai_expert/images/blog-details/blog-prev-img.jpg]
[ethemestudio.com/demo/procv/01_ai_expert/images/blog-details/blog-next-img.jpg]
[ethemestudio.com/demo/procv/01_ai_expert/images/blog-details/author-img1.jpg]
[ethemestudio.com/demo/procv/01_ai_expert/images/blog-details/author-img2.jpg]
[ethemestudio.com/demo/procv/01_ai_expert/images/blog-details/author-img3.jpg]
[ethemestudio.com/demo/procv/01_ai_expert/images/blog-details/author-img4.jpg]
[ethemestudio.com/demo/procv/01_ai_expert/images/blog-details/blog-details-img-2.jpg]
[ethemestudio.com/demo/procv/01_ai_expert/images/blog-details/blog-details-img-3.jpg]
[ethemestudio.com/demo/procv/01_ai_expert/images/blog-details/blog-details-img-4.jpg]
[ethemestudio.com/demo/procv/01_ai_expert/js/vendor/modernizr-3.5.0.min.js]
[ethemestudio.com/demo/procv/01_ai_expert/js/vendor/jquery-1.12.4.min.js]
[ethemestudio.com/demo/procv/01_ai_expert/js/popper.min.js]
[ethemestudio.com/demo/procv/01_ai_expert/js/bootstrap.min.js]
[ethemestudio.com/demo/procv/01_ai_expert/js/parallax.js]
[ethemestudio.com/demo/procv/01_ai_expert/js/typer.js]
[ethemestudio.com/demo/procv/01_ai_expert/js/waypoint.js]
[ethemestudio.com/demo/procv/01_ai_expert/js/counterup-min.js]
[ethemestudio.com/demo/procv/01_ai_expert/js/vanilla-tilt.min.js]
[ethemestudio.com/demo/procv/01_ai_expert/js/plugins.js]
[ethemestudio.com/demo/procv/01_ai_expert/js/jquery-appear.js]
[ethemestudio.com/demo/procv/01_ai_expert/js/jquery-knob.js]
[ethemestudio.com/demo/procv/01_ai_expert/js/leaflet.js]
[ethemestudio.com/demo/procv/01_ai_expert/js/jquery.easytabs.min.js]
[ethemestudio.com/demo/procv/01_ai_expert/js/jquery.carouFredSel.packed.js]
[ethemestudio.com/demo/procv/01_ai_expert/js/mixitup.min.js]
[ethemestudio.com/demo/procv/01_ai_expert/js/vanta-dots-min.js]
[ethemestudio.com/demo/procv/01_ai_expert/js/three.js]
[ethemestudio.com/demo/procv/01_ai_expert/js/magic-mouse.js]
[ethemestudio.com/demo/procv/01_ai_expert/js/menu.js]
[ethemestudio.com/demo/procv/01_ai_expert/index.html]
[ethemestudio.com/demo/procv/01_ai_expert/js/main.js]
[ethemestudio.com/demo/procv/01_ai_expert/fonts/fa-brands-400.eot]
[ethemestudio.com/demo/procv/01_ai_expert/fonts/fa-brands-400.woff2]
[ethemestudio.com/demo/procv/01_ai_expert/fonts/fa-brands-400.woff]
[ethemestudio.com/demo/procv/01_ai_expert/fonts/fa-brands-400d41d.eot]
[ethemestudio.com/demo/procv/01_ai_expert/fonts/fa-brands-400.ttf]
[ethemestudio.com/demo/procv/01_ai_expert/fonts/fa-duotone-900.woff2]
[ethemestudio.com/demo/procv/01_ai_expert/fonts/fa-duotone-900.eot]
[ethemestudio.com/demo/procv/01_ai_expert/fonts/fa-brands-400.svg]
[ethemestudio.com/demo/procv/01_ai_expert/fonts/fa-duotone-900.woff]
[ethemestudio.com/demo/procv/01_ai_expert/fonts/fa-duotone-900d41d.eot]
[ethemestudio.com/demo/procv/01_ai_expert/fonts/fa-duotone-900.ttf]
[ethemestudio.com/demo/procv/01_ai_expert/fonts/fa-light-300.eot]
[ethemestudio.com/demo/procv/01_ai_expert/fonts/fa-light-300d41d.eot]
[ethemestudio.com/demo/procv/01_ai_expert/fonts/fa-light-300.woff2]
[ethemestudio.com/demo/procv/01_ai_expert/fonts/fa-light-300.woff]
[ethemestudio.com/demo/procv/01_ai_expert/fonts/fa-duotone-900.svg]
[ethemestudio.com/demo/procv/01_ai_expert/fonts/fa-regular-400.eot]
[ethemestudio.com/demo/procv/01_ai_expert/fonts/fa-regular-400.woff2]
[ethemestudio.com/demo/procv/01_ai_expert/fonts/fa-light-300.ttf]
[ethemestudio.com/demo/procv/01_ai_expert/fonts/fa-regular-400d41d.eot]
[ethemestudio.com/demo/procv/01_ai_expert/fonts/fa-regular-400.woff]
[ethemestudio.com/demo/procv/01_ai_expert/fonts/fa-regular-400.ttf]
[ethemestudio.com/demo/procv/01_ai_expert/fonts/fa-light-300.svg]
[ethemestudio.com/demo/procv/01_ai_expert/fonts/fa-solid-900.eot]
[ethemestudio.com/demo/procv/01_ai_expert/fonts/fa-solid-900d41d.eot]
[ethemestudio.com/demo/procv/01_ai_expert/fonts/fa-solid-900.woff2]
[ethemestudio.com/demo/procv/01_ai_expert/fonts/fa-solid-900.woff]
[ethemestudio.com/demo/procv/01_ai_expert/fonts/fa-solid-900.ttf]
[ethemestudio.com/demo/procv/01_ai_expert/css/fontawesome-all.min.css]
[ethemestudio.com/demo/procv/01_ai_expert/css/bootstrap.min.css]
[ethemestudio.com/demo/procv/01_ai_expert/css/Flaticon.eot]
[ethemestudio.com/demo/procv/01_ai_expert/fonts/flaticon/Flaticond41d.eot]
[ethemestudio.com/demo/procv/01_ai_expert/fonts/flaticon/Flaticon.woff2]
[ethemestudio.com/demo/procv/01_ai_expert/fonts/fa-solid-900.svg]
[ethemestudio.com/demo/procv/01_ai_expert/fonts/flaticon/Flaticon.woff]
[ethemestudio.com/demo/procv/01_ai_expert/fonts/flaticon/Flaticon.ttf]
[ethemestudio.com/demo/procv/01_ai_expert/fonts/flaticon/Flaticon.svg]
[ethemestudio.com/demo/procv/01_ai_expert/fonts/fa-regular-400.svg]
[ethemestudio.com/demo/procv/01_ai_expert/css/Flaticon.svg]
[ethemestudio.com/demo/procv/01_ai_expert/css/flaticon.css]
[ethemestudio.com/demo/procv/01_ai_expert/css/all-animations.css]
[ethemestudio.com/demo/procv/01_ai_expert/css/reset.min.css]
[ethemestudio.com/demo/procv/01_ai_expert/css/images/layers.png]
[ethemestudio.com/demo/procv/01_ai_expert/css/images/layers-2x.png]
[ethemestudio.com/demo/procv/01_ai_expert/css/images/marker-icon.png]
[ethemestudio.com/demo/procv/01_ai_expert/css/leaflet.css]
[ethemestudio.com/demo/procv/01_ai_expert/css/default.css]
[ethemestudio.com/demo/procv/01_ai_expert/css/style.css]
[ethemestudio.com/demo/procv/01_ai_expert/css/responsive.css]
[ethemestudio.com/demo/procv/01_ai_expert/js/vendor/modernizr-3.5.0.min.js]
[ethemestudio.com/demo/procv/01_ai_expert/js/vendor/jquery-1.12.4.min.js]
[ethemestudio.com/demo/procv/01_ai_expert/js/popper.min.js]
[ethemestudio.com/demo/procv/01_ai_expert/fonts/CircularStd-Bold/FontsFree-Net-CircularStd-Bold.ttf]
[ethemestudio.com/demo/procv/01_ai_expert/popper.js]
[ethemestudio.com/demo/procv/01_ai_expert/js/bootstrap.min.js]
[ethemestudio.com/demo/procv/01_ai_expert/js/parallax.js]
[ethemestudio.com/demo/procv/01_ai_expert/js/typer.js]
[ethemestudio.com/demo/procv/01_ai_expert/js/waypoint.js]
[ethemestudio.com/demo/procv/01_ai_expert/js/counterup-min.js]
[ethemestudio.com/demo/procv/01_ai_expert/js/vanilla-tilt.min.js]
[ethemestudio.com/demo/procv/01_ai_expert/js/plugins.js]
[ethemestudio.com/demo/procv/01_ai_expert/js/jquery-appear.js]
[ethemestudio.com/demo/procv/01_ai_expert/js/jquery-knob.js]
[ethemestudio.com/demo/procv/01_ai_expert/js/leaflet.js]
[ethemestudio.com/demo/procv/01_ai_expert/js/jquery.easytabs.min.js]
[ethemestudio.com/demo/procv/01_ai_expert/js/jquery.carouFredSel.packed.js]
[ethemestudio.com/demo/procv/01_ai_expert/js/mixitup.min.js]
[ethemestudio.com/demo/procv/01_ai_expert/js/three.js]
[ethemestudio.com/demo/procv/01_ai_expert/js/vanta-dots-min.js]
[ethemestudio.com/demo/procv/01_ai_expert/js/magic-mouse.js]
[ethemestudio.com/demo/procv/01_ai_expert/js/menu.js]
[ethemestudio.com/demo/procv/01_ai_expert/js/main.js]
[ethemestudio.com/demo/procv/01_ai_expert/fonts/fa-brands-400.svg]
[ethemestudio.com/demo/procv/01_ai_expert/fonts/fa-duotone-900.svg]
[ethemestudio.com/demo/procv/01_ai_expert/fonts/fa-light-300.svg]
[ethemestudio.com/demo/procv/01_ai_expert/fonts/fa-regular-400.svg]
[ethemestudio.com/demo/procv/01_ai_expert/fonts/fa-solid-900.svg]
[ethemestudio.com/demo/procv/01_ai_expert/css/Flaticon.html]
[ethemestudio.com/demo/procv/01_ai_expert/fonts/flaticon/Flaticond41d.html]
[ethemestudio.com/demo/procv/01_ai_expert/fonts/flaticon/Flaticon.svg]
[ethemestudio.com/demo/procv/01_ai_expert/css/Flaticon-2.html]
[ethemestudio.com/demo/procv/01_ai_expert/css/images/layers.html]
[ethemestudio.com/demo/procv/01_ai_expert/css/images/layers-2x.html]
[ethemestudio.com/demo/procv/01_ai_expert/css/images/marker-icon.html]
[ethemestudio.com/demo/procv/01_ai_expert/popper.html]
